psuvc@shohepc MINGW64 ~ (main)
$ cd "C:\Users\psuvc\OneDrive\デスクトップ\git_challenge"

psuvc@shohepc MINGW64 ~/OneDrive/デスクトップ/git_challenge (main)
$ pwd
/c/Users/psuvc/OneDrive/デスクトップ/git_challenge

psuvc@shohepc MINGW64 ~/OneDrive/デスクトップ/git_challenge (main)
$ git init
Initialized empty Git repository in C:/Users/psuvc/OneDrive/デスクトップ/git_challenge/.git/

psuvc@shohepc MINGW64 ~/OneDrive/デスクトップ/git_challenge (main)
$ touch hello_world.txt

psuvc@shohepc MINGW64 ~/OneDrive/デスクトップ/git_challenge (main)
$ ls
hello_world.txt

psuvc@shohepc MINGW64 ~/OneDrive/デスクトップ/git_challenge (main)
$ echo "Hello, world!" > hello_world.txt

psuvc@shohepc MINGW64 ~/OneDrive/デスクトップ/git_challenge (main)
$ cat hello_world.txt
Hello, world!

psuvc@shohepc MINGW64 ~/OneDrive/デスクトップ/git_challenge (main)
$ git add hello_world.txt
warning: in the working copy of 'hello_world.txt', LF will be replaced by CRLF the next time Git touches it

psuvc@shohepc MINGW64 ~/OneDrive/デスクトップ/git_challenge (main)
$ git commit -m "hello_world.txtを追加”
> ^C

psuvc@shohepc MINGW64 ~/OneDrive/デスクトップ/git_challenge (main)
$ git commit -m 'hello_world.txtを追加’
> ^C

psuvc@shohepc MINGW64 ~/OneDrive/デスクトップ/git_challenge (main)
$ git commit -m "add hello_world.txt"
[main (root-commit) a120b62] add hello_world.txt
 1 file changed, 1 insertion(+)
 create mode 100644 hello_world.txt

psuvc@shohepc MINGW64 ~/OneDrive/デスクトップ/git_challenge (main)
$ git log --online
fatal: unrecognized argument: --online

psuvc@shohepc MINGW64 ~/OneDrive/デスクトップ/git_challenge (main)
$ git log --online
fatal: unrecognized argument: --online

psuvc@shohepc MINGW64 ~/OneDrive/デスクトップ/git_challenge (main)
$ git log --online
fatal: unrecognized argument: --online

psuvc@shohepc MINGW64 ~/OneDrive/デスクトップ/git_challenge (main)
$ git log --oneline
a120b62 (HEAD -> main) add hello_world.txt

psuvc@shohepc MINGW64 ~/OneDrive/デスクトップ/git_challenge (main)
$ echo "こんにちは、世界！" >> hello.world.txt

psuvc@shohepc MINGW64 ~/OneDrive/デスクトップ/git_challenge (main)
$ cat hello_world.txt
Hello, world!

psuvc@shohepc MINGW64 ~/OneDrive/デスクトップ/git_challenge (main)
$ echo "こんにちは、世界！" >> hello_world.txt

psuvc@shohepc MINGW64 ~/OneDrive/デスクトップ/git_challenge (main)
$ cat hello_world.txt
Hello, world!
こんにちは、世界！

psuvc@shohepc MINGW64 ~/OneDrive/デスクトップ/git_challenge (main)
$ git add hello_world.txt
warning: in the working copy of 'hello_world.txt', LF will be replaced by CRLF the next time Git touches it

psuvc@shohepc MINGW64 ~/OneDrive/デスクトップ/git_challenge (main)
$ git commit -m "日本語訳を追記"
[main 6f0d2b9] 日本語訳を追記
 1 file changed, 1 insertion(+)

psuvc@shohepc MINGW64 ~/OneDrive/デスクトップ/git_challenge (main)
$ git log --oneline
6f0d2b9 (HEAD -> main) 日本語訳を追記
a120b62 add hello_world.txt
